PYTHON C:\Users\daru\anaconda3\envs\unsloth-env\python.exe
DIAGNOSTIC metadata mapping bypass enabled
TORCH 2.14.0+cu130 CUDA True
W0911 01:12:35.155000 25940 site-packages\torch\utils\_pytree.py:630] <enum 'KernelPreference'> is an Enum subclass and is now natively supported by torch.compile as an opaque value type. Calling register_constant() on Enum subclasses is deprecated and will be an error in a future release.
W0911 01:12:35.262000 25940 site-packages\torch\utils\_pytree.py:630] <enum 'ScaleCalculationMode'> is an Enum subclass and is now natively supported by torch.compile as an opaque value type. Calling register_constant() on Enum subclasses is deprecated and will be an error in a future release.
MODEL T5Gemma2ForConditionalGeneration
D:\Codings\unsloth-porto\t5-gemma-2\instruct\reports\probe_v8_runtime.py:72: UserWarning: Converting a tensor with requires_grad=True to a scalar may lead to unexpected behavior.
Consider using tensor.detach() first. (Triggered internally at C:\actions-runner\_work\pytorch\pytorch\torch\csrc\autograd\generated\python_variable_methods.cpp:821.)
  return float(out.loss)
PASS t5gemma2 forward/backward 4.172885417938232
PASS v8 SFT loss/backward 4.172027111053467
PASS v8 ORPO loss/backward 4.236191272735596
FAIL PEFT seq2seq forward/backward Traceback (most recent call last):
  File "D:\Codings\unsloth-porto\t5-gemma-2\instruct\reports\probe_v8_runtime.py", line 58, in check
    result = fn()
             ^^^^
  File "D:\Codings\unsloth-porto\t5-gemma-2\instruct\reports\probe_v8_runtime.py", line 91, in lora
    wrapped = get_peft_model(model, LoraConfig(task_type=TaskType.SEQ_2_SEQ_LM, r=2, target_modules=['q_proj','v_proj']))
              ^^^^^^^^^^^^^^^^^^^^^^^^^^^^^^^^^^^^^^^^^^^^^^^^^^^^^^^^^^^^^^^^^^^^^^^^^^^^^^^^^^^^^^^^^^^^^^^^^^^^^^^^^^^
  File "C:\Users\daru\anaconda3\envs\unsloth-env\Lib\site-packages\peft\mapping_func.py", line 122, in get_peft_model
    return MODEL_TYPE_TO_PEFT_MODEL_MAPPING[peft_config.task_type](
           ^^^^^^^^^^^^^^^^^^^^^^^^^^^^^^^^^^^^^^^^^^^^^^^^^^^^^^^^
  File "C:\Users\daru\anaconda3\envs\unsloth-env\Lib\site-packages\peft\peft_model.py", line 2404, in __init__
    super().__init__(model, peft_config, adapter_name, **kwargs)
  File "C:\Users\daru\anaconda3\envs\unsloth-env\Lib\site-packages\peft\peft_model.py", line 164, in __init__
    self.base_model = cls(model, {adapter_name: peft_config}, adapter_name)
                      ^^^^^^^^^^^^^^^^^^^^^^^^^^^^^^^^^^^^^^^^^^^^^^^^^^^^^
  File "C:\Users\daru\anaconda3\envs\unsloth-env\Lib\site-packages\peft\tuners\tuners_utils.py", line 318, in __init__
    self.inject_adapter(self.model, adapter_name, low_cpu_mem_usage=low_cpu_mem_usage, state_dict=state_dict)
  File "C:\Users\daru\anaconda3\envs\unsloth-env\Lib\site-packages\peft\tuners\tuners_utils.py", line 917, in inject_adapter
    self._create_and_replace(
  File "C:\Users\daru\anaconda3\envs\unsloth-env\Lib\site-packages\peft\tuners\lora\model.py", line 281, in _create_and_replace
    new_module = self._create_new_module(lora_config, adapter_name, target, device_map=device_map, **kwargs)
                 ^^^^^^^^^^^^^^^^^^^^^^^^^^^^^^^^^^^^^^^^^^^^^^^^^^^^^^^^^^^^^^^^^^^^^^^^^^^^^^^^^^^^^^^^^^^
  File "C:\Users\daru\anaconda3\envs\unsloth-env\Lib\site-packages\peft\tuners\lora\model.py", line 430, in _create_new_module
    new_module = dispatcher(target, adapter_name, config=lora_config, **kwargs)
                 ^^^^^^^^^^^^^^^^^^^^^^^^^^^^^^^^^^^^^^^^^^^^^^^^^^^^^^^^^^^^^^
  File "C:\Users\daru\anaconda3\envs\unsloth-env\Lib\site-packages\peft\tuners\lora\awq.py", line 100, in dispatch_awq
    if is_gptqmodel_available() and is_gptqmodel_awq_layer(target_base_layer):
       ^^^^^^^^^^^^^^^^^^^^^^^^
  File "C:\Users\daru\anaconda3\envs\unsloth-env\Lib\site-packages\peft\import_utils.py", line 78, in is_gptqmodel_available
    raise ImportError(
ImportError: gptqmodel requires optimum version `1.24.0` or higher to be installed.

PASS TLPO gradient diagnostic {'first_loss': -0.0, 'requires_grad': False}
PASS v8 GrokOrScale CUDA step True
FAIL tiny vision forward/backward Traceback (most recent call last):
  File "D:\Codings\unsloth-porto\t5-gemma-2\instruct\reports\probe_v8_runtime.py", line 58, in check
    result = fn()
             ^^^^
  File "D:\Codings\unsloth-porto\t5-gemma-2\instruct\reports\probe_v8_runtime.py", line 111, in multimodal
    out = fresh(input_ids=torch.tensor([[2,60,60,60,60,3,1]]), attention_mask=torch.ones(1,7,dtype=torch.long), pixel_values=torch.randn(1,3,16,16), labels=torch.tensor([[6,7,1]]))
          ^^^^^^^^^^^^^^^^^^^^^^^^^^^^^^^^^^^^^^^^^^^^^^^^^^^^^^^^^^^^^^^^^^^^^^^^^^^^^^^^^^^^^^^^^^^^^^^^^^^^^^^^^^^^^^^^^^^^^^^^^^^^^^^^^^^^^^^^^^^^^^^^^^^^^^^^^^^^^^^^^^^^^^^^^^
  File "C:\Users\daru\anaconda3\envs\unsloth-env\Lib\site-packages\torch\nn\modules\module.py", line 1783, in _wrapped_call_impl
    return self._call_impl(*args, **kwargs)
           ^^^^^^^^^^^^^^^^^^^^^^^^^^^^^^^^
  File "C:\Users\daru\anaconda3\envs\unsloth-env\Lib\site-packages\torch\nn\modules\module.py", line 1794, in _call_impl
    return forward_call(*args, **kwargs)
           ^^^^^^^^^^^^^^^^^^^^^^^^^^^^^
  File "C:\Users\daru\anaconda3\envs\unsloth-env\Lib\site-packages\transformers\utils\generic.py", line 939, in wrapper
    output = func(self, *args, **kwargs)
             ^^^^^^^^^^^^^^^^^^^^^^^^^^^
  File "C:\Users\daru\anaconda3\envs\unsloth-env\Lib\site-packages\transformers\models\t5gemma2\modeling_t5gemma2.py", line 1248, in forward
    decoder_outputs: Seq2SeqModelOutput = self.model(
                                          ^^^^^^^^^^^
  File "C:\Users\daru\anaconda3\envs\unsloth-env\Lib\site-packages\torch\nn\modules\module.py", line 1783, in _wrapped_call_impl
    return self._call_impl(*args, **kwargs)
           ^^^^^^^^^^^^^^^^^^^^^^^^^^^^^^^^
  File "C:\Users\daru\anaconda3\envs\unsloth-env\Lib\site-packages\torch\nn\modules\module.py", line 1794, in _call_impl
    return forward_call(*args, **kwargs)
           ^^^^^^^^^^^^^^^^^^^^^^^^^^^^^
  File "C:\Users\daru\anaconda3\envs\unsloth-env\Lib\site-packages\transformers\utils\generic.py", line 939, in wrapper
    output = func(self, *args, **kwargs)
             ^^^^^^^^^^^^^^^^^^^^^^^^^^^
  File "C:\Users\daru\anaconda3\envs\unsloth-env\Lib\site-packages\transformers\models\t5gemma2\modeling_t5gemma2.py", line 1127, in forward
    encoder_outputs = self.encoder(
                      ^^^^^^^^^^^^^
  File "C:\Users\daru\anaconda3\envs\unsloth-env\Lib\site-packages\torch\nn\modules\module.py", line 1783, in _wrapped_call_impl
    return self._call_impl(*args, **kwargs)
           ^^^^^^^^^^^^^^^^^^^^^^^^^^^^^^^^
  File "C:\Users\daru\anaconda3\envs\unsloth-env\Lib\site-packages\torch\nn\modules\module.py", line 1794, in _call_impl
    return forward_call(*args, **kwargs)
           ^^^^^^^^^^^^^^^^^^^^^^^^^^^^^
  File "C:\Users\daru\anaconda3\envs\unsloth-env\Lib\site-packages\transformers\models\t5gemma2\modeling_t5gemma2.py", line 928, in forward
    image_mask = self.get_image_placeholder_mask(
                 ^^^^^^^^^^^^^^^^^^^^^^^^^^^^^^^^
  File "C:\Users\daru\anaconda3\envs\unsloth-env\Lib\site-packages\transformers\models\t5gemma2\modeling_t5gemma2.py", line 900, in get_image_placeholder_mask
    torch_compilable_check(
  File "C:\Users\daru\anaconda3\envs\unsloth-env\Lib\site-packages\transformers\utils\import_utils.py", line 1867, in torch_compilable_check
    torch._check_tensor_all_with(error_type, cond, msg_callable)
  File "C:\Users\daru\anaconda3\envs\unsloth-env\Lib\site-packages\torch\__init__.py", line 2283, in _check_tensor_all_with
    _check_with(error_type, cond._is_all_true().item(), message)  # type: ignore[arg-type]
    ^^^^^^^^^^^^^^^^^^^^^^^^^^^^^^^^^^^^^^^^^^^^^^^^^^^^^^^^^^^^
  File "C:\Users\daru\anaconda3\envs\unsloth-env\Lib\site-packages\torch\__init__.py", line 2118, in _check_with
    raise error_type(message_evaluated)
ValueError: Image features and image tokens do not match: tokens: 0, features 4

PASS ORPO missing mask numerical diagnostic {'max_logit_difference': 0.06039736419916153}
PASS DIAGNOSTIC LoRA with optional GPTQ bypassed ('PeftModelForSeq2SeqLM', 4.174532890319824)
DONE
